// Jest Snapshot v1, https://goo.gl/fbAQLP

exports[`<Value /> renders 1`] = `
<styled.div>
  <styled.p>
    1
  </styled.p>
  <styled.img
    src="sub_shield.svg"
  />
</styled.div>
`;

exports[`<Value /> renders with negative value 1`] = `
<styled.div>
  <styled.p>
    -2
  </styled.p>
  <styled.img
    src="sub_shield.svg"
  />
</styled.div>
`;
