// Jest Snapshot v1, https://goo.gl/fbAQLP

exports[`<ClassIcon /> should render 1`] = `
<styled.div
  height="100%"
>
  <ReactComponent />
</styled.div>
`;

exports[`<ClassIcon /> should render BARBARIAN icon 1`] = `
<styled.div
  height="100%"
>
  <ReactComponent />
</styled.div>
`;

exports[`<ClassIcon /> should render BARD icon 1`] = `
<styled.div
  height="100%"
>
  <ReactComponent />
</styled.div>
`;

exports[`<ClassIcon /> should render CLERIC icon 1`] = `
<styled.div
  height="100%"
>
  <ReactComponent />
</styled.div>
`;

exports[`<ClassIcon /> should render DRUID icon 1`] = `
<styled.div
  height="100%"
>
  <ReactComponent />
</styled.div>
`;

exports[`<ClassIcon /> should render FIGHTER icon 1`] = `
<styled.div
  height="100%"
>
  <ReactComponent />
</styled.div>
`;

exports[`<ClassIcon /> should render MONK icon 1`] = `
<styled.div
  height="100%"
>
  <ReactComponent />
</styled.div>
`;

exports[`<ClassIcon /> should render PALADIN icon 1`] = `
<styled.div
  height="100%"
>
  <ReactComponent />
</styled.div>
`;

exports[`<ClassIcon /> should render RANGER icon 1`] = `
<styled.div
  height="100%"
>
  <ReactComponent />
</styled.div>
`;

exports[`<ClassIcon /> should render ROGUE icon 1`] = `
<styled.div
  height="100%"
>
  <ReactComponent />
</styled.div>
`;

exports[`<ClassIcon /> should render SORCERER icon 1`] = `
<styled.div
  height="100%"
>
  <ReactComponent />
</styled.div>
`;

exports[`<ClassIcon /> should render WARLOCK icon 1`] = `
<styled.div
  height="100%"
>
  <ReactComponent />
</styled.div>
`;

exports[`<ClassIcon /> should render WIZARD icon 1`] = `
<styled.div
  height="100%"
>
  <ReactComponent />
</styled.div>
`;
